
> frontend@0.0.0 build
> vite build

node.exe : [33mplugin-legacy overrode 'build.target'. You should pass 'targets' as an option to this plugin with the 
list of legacy browsers to support instead.[39m
En línea: 1 Carácter: 1
+ & "C:\Program Files\nodejs/node.exe" "C:\Program Files\nodejs/node_mo ...
+ ~~~~~~~~~~~~~~~~~~~~~~~~~~~~~~~~~~~~~~~~~~~~~~~~~~~~~~~~~~~~~~~~~~~~~
    + CategoryInfo          : NotSpecified: ([33mplugin-leg...t instead.[39m:String) [], RemoteException
    + FullyQualifiedErrorId : NativeCommandError
 
[36mvite v7.3.1 [32mbuilding client environment for production...[36m[39m
transforming...
[32mÔ£ô[39m 2701 modules transformed.
rendering chunks...
computing gzip size...
[2mdist/[22m[36massets/navigation-legacy-rgr8sLU3.js            [39m[1m[2m  0.24 kB[22m[1m[22m[2m Ôöé gzip:   0.18 kB[22m
[2mdist/[22m[36massets/circle-legacy-ec6aNZWp.js                [39m[1m[2m  0.39 kB[22m[1m[22m[2m Ôöé gzip:   0.29 kB[22m
[2mdist/[22m[36massets/x-legacy-a2590cDW.js                     [39m[1m[2m  0.43 kB[22m[1m[22m[2m Ôöé gzip:   0.31 kB[22m
[2mdist/[22m[36massets/search-legacy-CY09HfrL.js                [39m[1m[2m  0.45 kB[22m[1m[22m[2m Ôöé gzip:   0.33 kB[22m
[2mdist/[22m[36massets/user-legacy-zC1v1n0I.js                  [39m[1m[2m  0.47 kB[22m[1m[22m[2m Ôöé gzip:   0.34 kB[22m
[2mdist/[22m[36massets/download-legacy-DIMwrME8.js              [39m[1m[2m  0.51 kB[22m[1m[22m[2m Ôöé gzip:   0.35 kB[22m
[2mdist/[22m[36massets/pen-legacy-CrOpDs6O.js                   [39m[1m[2m  0.51 kB[22m[1m[22m[2m Ôöé gzip:   0.37 kB[22m
[2mdist/[22m[36massets/database-legacy-wmx3rsJ1.js              [39m[1m[2m  0.52 kB[22m[1m[22m[2m Ôöé gzip:   0.36 kB[22m
[2mdist/[22m[36massets/circle-question-mark-legacy-Cuoj104L.js  [39m[1m[2m  0.52 kB[22m[1m[22m[2m Ôöé gzip:   0.36 kB[22m
[2mdist/[22m[36massets/funnel-legacy-I5rlhgVu.js                [39m[1m[2m  0.53 kB[22m[1m[22m[2m Ôöé gzip:   0.37 kB[22m
[2mdist/[22m[36massets/calendar-legacy-DXkWaulq.js              [39m[1m[2m  0.53 kB[22m[1m[22m[2m Ôöé gzip:   0.36 kB[22m
[2mdist/[22m[36massets/pen-line-legacy-CWTaZU3U.js              [39m[1m[2m  0.55 kB[22m[1m[22m[2m Ôöé gzip:   0.39 kB[22m
[2mdist/[22m[36massets/hash-legacy-tAno-KCB.js                  [39m[1m[2m  0.57 kB[22m[1m[22m[2m Ôöé gzip:   0.35 kB[22m
[2mdist/[22m[36massets/save-legacy-DdnyFa0F.js                  [39m[1m[2m  0.70 kB[22m[1m[22m[2m Ôöé gzip:   0.42 kB[22m
[2mdist/[22m[36massets/apiService-legacy-CO0B5Zlq.js            [39m[1m[2m  0.95 kB[22m[1m[22m[2m Ôöé gzip:   0.59 kB[22m
[2mdist/[22m[36massets/FileSaver.min-legacy-CFs9CENR.js         [39m[1m[2m  3.04 kB[22m[1m[22m[2m Ôöé gzip:   1.48 kB[22m
[2mdist/[22m[36massets/AccessManager-legacy-QAuAiF0j.js         [39m[1m[2m  4.12 kB[22m[1m[22m[2m Ôöé gzip:   1.72 kB[22m
[2mdist/[22m[36massets/NotesView-legacy-C8VVhK_w.js             [39m[1m[2m 10.15 kB[22m[1m[22m[2m Ôöé gzip:   3.49 kB[22m
[2mdist/[22m[36massets/index-legacy-BcFTJz8W.js                 [39m[1m[2m 22.50 kB[22m[1m[22m[2m Ôöé gzip:   6.75 kB[22m
[2mdist/[22m[36massets/purify.es-legacy-BqplAxZy.js             [39m[1m[2m 22.91 kB[22m[1m[22m[2m Ôöé gzip:   8.69 kB[22m
[2mdist/[22m[36massets/ProfesionalesView-legacy-BtmgA17p.js     [39m[1m[2m 32.14 kB[22m[1m[22m[2m Ôöé gzip:   7.86 kB[22m
[2mdist/[22m[36massets/CajaForm-legacy-CO-uvVKn.js              [39m[1m[2m 40.84 kB[22m[1m[22m[2m Ôöé gzip:   9.13 kB[22m
[2mdist/[22m[36massets/HistorialCaja-legacy-Be443nGz.js         [39m[1m[2m 49.86 kB[22m[1m[22m[2m Ôöé gzip:  11.96 kB[22m
[2mdist/[22m[36massets/AdminView-legacy-8cdpc0y5.js             [39m[1m[2m 52.46 kB[22m[1m[22m[2m Ôöé gzip:  13.04 kB[22m
[2mdist/[22m[36massets/LiquidacionView-legacy-DLivApDJ.js       [39m[1m[2m 57.29 kB[22m[1m[22m[2m Ôöé gzip:  12.75 kB[22m
[2mdist/[22m[36massets/polyfills-legacy-DxEkadHn.js             [39m[1m[2m 74.13 kB[22m[1m[22m[2m Ôöé gzip:  27.10 kB[22m
[2mdist/[22m[36massets/OrdenesView-legacy-ajni9Yi8.js           [39m[1m[2m113.54 kB[22m[1m[22m[2m Ôöé gzip:  29.38 kB[22m
[2mdist/[22m[36massets/proxy-legacy-NboPnIhe.js                 [39m[1m[2m118.27 kB[22m[1m[22m[2m Ôöé gzip:  37.77 kB[22m
[2mdist/[22m[36massets/index.es-legacy-M7gh9IGC.js              [39m[1m[2m159.11 kB[22m[1m[22m[2m Ôöé gzip:  52.69 kB[22m
[2mdist/[22m[36massets/html2canvas.esm-legacy-DIGTxsNk.js       [39m[1m[2m200.03 kB[22m[1m[22m[2m Ôöé gzip:  46.46 kB[22m
[2mdist/[22m[36massets/html2pdf-legacy-BbZrCPRD.js              [39m[1m[33m700.55 kB[39m[22m[2m Ôöé gzip: 193.02 kB[22m
[2mdist/[22m[36massets/index-legacy-PbLyG3pS.js                 [39m[1m[33m860.34 kB[39m[22m[2m Ôöé gzip: 204.33 kB[22m
[2mdist/[22m[36massets/exceljs.min-legacy-CuAbqh22.js           [39m[1m[33m934.15 kB[39m[22m[2m Ôöé gzip: 256.49 kB[22m
[33m
(!) Some chunks are larger than 500 kB after minification. Consider:
- Using dynamic import() to code-split the application
- Use build.rollupOptions.output.manualChunks to improve chunking: 
https://rollupjs.org/configuration-options/#output-manualchunks
- Adjust chunk size limit for this warning via build.chunkSizeWarningLimit.[39m
[2mdist/[22m[32mindex.html                               [39m[1m[2m  1.68 kB[22m[1m[22m[2m Ôöé gzip:   0.81 kB[22m
[2mdist/[22m[35massets/index-0gqz_jYS.css                [39m[1m[2m107.02 kB[22m[1m[22m[2m Ôöé gzip:  15.82 kB[22m
[2mdist/[22m[36massets/circle-BkWqo5X2.js                [39m[1m[2m  0.12 kB[22m[1m[22m[2m Ôöé gzip:   0.13 kB[22m
[2mdist/[22m[36massets/x-CtUKJ-_t.js                     [39m[1m[2m  0.15 kB[22m[1m[22m[2m Ôöé gzip:   0.15 kB[22m
[2mdist/[22m[36massets/search-sLjfxUeB.js                [39m[1m[2m  0.17 kB[22m[1m[22m[2m Ôöé gzip:   0.16 kB[22m
[2mdist/[22m[36massets/navigation-kLjMH5HA.js            [39m[1m[2m  0.18 kB[22m[1m[22m[2m Ôöé gzip:   0.15 kB[22m
[2mdist/[22m[36massets/user-CgfNeV_P.js                  [39m[1m[2m  0.19 kB[22m[1m[22m[2m Ôöé gzip:   0.17 kB[22m
[2mdist/[22m[36massets/download-DlGGhUOV.js              [39m[1m[2m  0.23 kB[22m[1m[22m[2m Ôöé gzip:   0.19 kB[22m
[2mdist/[22m[36massets/pen-CRrH_zMN.js                   [39m[1m[2m  0.23 kB[22m[1m[22m[2m Ôöé gzip:   0.20 kB[22m
[2mdist/[22m[36massets/circle-question-mark-arK6-krv.js  [39m[1m[2m  0.24 kB[22m[1m[22m[2m Ôöé gzip:   0.20 kB[22m
[2mdist/[22m[36massets/database-DjAsNGyk.js              [39m[1m[2m  0.24 kB[22m[1m[22m[2m Ôöé gzip:   0.19 kB[22m
[2mdist/[22m[36massets/funnel-hG99qCWj.js                [39m[1m[2m  0.25 kB[22m[1m[22m[2m Ôöé gzip:   0.21 kB[22m
[2mdist/[22m[36massets/calendar-D2kjzxLd.js              [39m[1m[2m  0.25 kB[22m[1m[22m[2m Ôöé gzip:   0.20 kB[22m
[2mdist/[22m[36massets/pen-line-BOliffUf.js              [39m[1m[2m  0.27 kB[22m[1m[22m[2m Ôöé gzip:   0.22 kB[22m
[2mdist/[22m[36massets/hash-BcbIs0gh.js                  [39m[1m[2m  0.29 kB[22m[1m[22m[2m Ôöé gzip:   0.19 kB[22m
[2mdist/[22m[36massets/save-BU1RSKJe.js                  [39m[1m[2m  0.42 kB[22m[1m[22m[2m Ôöé gzip:   0.26 kB[22m
[2mdist/[22m[36massets/apiService-Hc-sSy4i.js            [39m[1m[2m  0.86 kB[22m[1m[22m[2m Ôöé gzip:   0.53 kB[22m
[2mdist/[22m[36massets/FileSaver.min-B2XhGwb1.js         [39m[1m[2m  2.95 kB[22m[1m[22m[2m Ôöé gzip:   1.44 kB[22m
[2mdist/[22m[36massets/AccessManager-DZvq9wUf.js         [39m[1m[2m  4.06 kB[22m[1m[22m[2m Ôöé gzip:   1.65 kB[22m
[2mdist/[22m[36massets/NotesView-ZLAXPlux.js             [39m[1m[2m 10.00 kB[22m[1m[22m[2m Ôöé gzip:   3.32 kB[22m
[2mdist/[22m[36massets/purify.es-vonsjV1r.js             [39m[1m[2m 22.64 kB[22m[1m[22m[2m Ôöé gzip:   8.54 kB[22m
[2mdist/[22m[36massets/index-DvK1ovt1.js                 [39m[1m[2m 24.05 kB[22m[1m[22m[2m Ôöé gzip:   7.10 kB[22m
[2mdist/[22m[36massets/ProfesionalesView-D8Von92u.js     [39m[1m[2m 32.27 kB[22m[1m[22m[2m Ôöé gzip:   7.72 kB[22m
[2mdist/[22m[36massets/CajaForm-kxjilHCg.js              [39m[1m[2m 40.98 kB[22m[1m[22m[2m Ôöé gzip:   8.96 kB[22m
[2mdist/[22m[36massets/HistorialCaja-DUa1YM89.js         [39m[1m[2m 50.19 kB[22m[1m[22m[2m Ôöé gzip:  11.86 kB[22m
[2mdist/[22m[36massets/AdminView-BfQcyvnV.js             [39m[1m[2m 52.90 kB[22m[1m[22m[2m Ôöé gzip:  12.95 kB[22m
[2mdist/[22m[36massets/LiquidacionView-Cj9AckVl.js       [39m[1m[2m 57.22 kB[22m[1m[22m[2m Ôöé gzip:  12.52 kB[22m
[2mdist/[22m[36massets/OrdenesView-IG1GG3If.js           [39m[1m[2m115.81 kB[22m[1m[22m[2m Ôöé gzip:  29.68 kB[22m
[2mdist/[22m[36massets/proxy-QziLWw4O.js                 [39m[1m[2m120.74 kB[22m[1m[22m[2m Ôöé gzip:  38.45 kB[22m
[2mdist/[22m[36massets/index.es-Jt7XqiSH.js              [39m[1m[2m156.00 kB[22m[1m[22m[2m Ôöé gzip:  50.99 kB[22m
[2mdist/[22m[36massets/html2canvas.esm-CJ7z3xiY.js       [39m[1m[2m199.08 kB[22m[1m[22m[2m Ôöé gzip:  45.95 kB[22m
[2mdist/[22m[36massets/index-Cyselvye.js                 [39m[1m[33m613.78 kB[39m[22m[2m Ôöé gzip: 184.20 kB[22m
[2mdist/[22m[36massets/html2pdf-DEx4E3KG.js              [39m[1m[33m696.13 kB[39m[22m[2m Ôöé gzip: 190.35 kB[22m
[2mdist/[22m[36massets/exceljs.min-BDowIL6m.js           [39m[1m[33m933.50 kB[39m[22m[2m Ôöé gzip: 256.51 kB[22m
[33m
(!) Some chunks are larger than 500 kB after minification. Consider:
- Using dynamic import() to code-split the application
- Use build.rollupOptions.output.manualChunks to improve chunking: 
https://rollupjs.org/configuration-options/#output-manualchunks
- Adjust chunk size limit for this warning via build.chunkSizeWarningLimit.[39m
[32mÔ£ô built in 1m 8s[39m
